nohup: 忽略输入

2026/03/01 23:50:37 [31;1m [35;1mError 1091 (42000): Can't DROP 'uni_users_username'; check that column/key exists
[0m[33m[0.768ms] [34;1m[rows:0][0m ALTER TABLE `users` DROP FOREIGN KEY `uni_users_username`
2026/03/01 23:50:37 warning: AutoMigrate non-fatal drop error ignored: Error 1091 (42000): Can't DROP 'uni_users_username'; check that column/key exists
[GIN-debug] [WARNING] Creating an Engine instance with the Logger and Recovery middleware already attached.

[GIN-debug] [WARNING] Running in "debug" mode. Switch to "release" mode in production.
 - using env:	export GIN_MODE=release
 - using code:	gin.SetMode(gin.ReleaseMode)

[GIN-debug] POST   /api/login                --> main.main.Login.func6 (3 handlers)
[GIN-debug] GET    /api/me                   --> main.main.Me.func8 (4 handlers)
[GIN-debug] POST   /api/notify/wecom/today-orders --> main.main.NotifyWecomTodayOrders.func9 (4 handlers)
[GIN-debug] GET    /api/users                --> main.main.ListUsers.func12 (5 handlers)
[GIN-debug] POST   /api/users                --> main.main.CreateUser.func13 (5 handlers)
[GIN-debug] PUT    /api/users/:id/role       --> main.main.UpdateUserRole.func14 (5 handlers)
[GIN-debug] PUT    /api/users/:id/permissions --> main.main.UpdateUserPermissions.func15 (5 handlers)
[GIN-debug] PUT    /api/users/:id/password   --> main.main.UpdateUserPassword.func16 (5 handlers)
[GIN-debug] POST   /api/order                --> main.main.PostOrder.func17 (4 handlers)
[GIN-debug] POST   /api/settlement           --> main.main.SaveSettlement.func18 (4 handlers)
[GIN-debug] GET    /api/settlements          --> main.main.ListSettlements.func19 (4 handlers)
[GIN-debug] GET    /api/orders               --> main.main.ListOrders.func20 (4 handlers)
[GIN-debug] PUT    /api/orders/:id           --> main.main.UpdateOrder.func21 (4 handlers)
[GIN-debug] PUT    /api/orders/:id/date      --> main.main.UpdateOrderDate.func22 (4 handlers)
[GIN-debug] DELETE /api/orders/:id           --> main.main.DeleteOrder.func23 (4 handlers)
[GIN-debug] GET    /api/sales/today          --> main.main.TodaySales.func24 (3 handlers)
[GIN-debug] GET    /api/costs/today          --> main.main.TodayGoodsCost.func25 (3 handlers)
[GIN-debug] GET    /api/report/export        --> main.main.ExportReport.func26 (3 handlers)
[GIN-debug] GET    /api/stats/sales-trend    --> main.main.SalesTrend.func27 (3 handlers)
[GIN-debug] GET    /api/stats/top-products   --> main.main.TopProducts.func28 (3 handlers)
[GIN-debug] GET    /api/stats/ad-deduction/daily --> main.main.AdDeductionDailyStats.func29 (3 handlers)
[GIN-debug] GET    /api/stats/ad-deduction/monthly --> main.main.AdDeductionMonthlyStats.func30 (3 handlers)
[GIN-debug] GET    /api/products             --> main.main.ListProducts.func32 (4 handlers)
[GIN-debug] POST   /api/products             --> main.main.SaveProduct.func33 (4 handlers)
[GIN-debug] DELETE /api/products/:id         --> main.main.DeleteProduct.func34 (4 handlers)
[GIN-debug] POST   /api/products/upload      --> main.main.UploadProductImage.func35 (4 handlers)
[GIN-debug] GET    /api/shops                --> main.main.ListStores.func37 (4 handlers)
[GIN-debug] POST   /api/shops                --> main.main.SaveStore.func38 (4 handlers)
[GIN-debug] DELETE /api/shops/:id            --> main.main.DeleteStore.func39 (4 handlers)
[GIN-debug] GET    /api/shops/:id/users      --> main.main.GetStoreUsers.func40 (4 handlers)
[GIN-debug] POST   /api/shops/:id/users      --> main.main.UpdateStoreUsers.func41 (4 handlers)
[GIN-debug] GET    /api/countries            --> main.main.ListCountries.func42 (3 handlers)
[GIN-debug] GET    /api/store_stats          --> main.main.ListStoreStats.func44 (4 handlers)
[GIN-debug] POST   /api/store_stats          --> main.main.SaveStoreStat.func45 (4 handlers)
[GIN-debug] GET    /api/stats/hourly         --> main.main.HourlyStats.func46 (3 handlers)
[GIN-debug] GET    /api/stats/daily          --> main.main.DailyStats.func47 (3 handlers)
[GIN-debug] GET    /api/stats/monthly        --> main.main.MonthlyStats.func48 (3 handlers)
[GIN-debug] GET    /api/exchange/rates       --> ordercount/internal/handlers.ExchangeRates (3 handlers)
[GIN-debug] POST   /api/settlements/push     --> main.main.TriggerSettlementPush.func49 (4 handlers)
[GIN-debug] GET    /api/test-doubao          --> main.main.TestDoubaoConfig.func50 (3 handlers)
[GIN-debug] GET    /                         --> main.main.(*RouterGroup).StaticFile.func51 (3 handlers)
[GIN-debug] HEAD   /                         --> main.main.(*RouterGroup).StaticFile.func51 (3 handlers)
[GIN-debug] GET    /assets/*filepath         --> github.com/gin-gonic/gin.(*RouterGroup).createStaticHandler.func1 (3 handlers)
[GIN-debug] HEAD   /assets/*filepath         --> github.com/gin-gonic/gin.(*RouterGroup).createStaticHandler.func1 (3 handlers)
[GIN-debug] GET    /vite.svg                 --> main.main.(*RouterGroup).StaticFile.func52 (3 handlers)
[GIN-debug] HEAD   /vite.svg                 --> main.main.(*RouterGroup).StaticFile.func52 (3 handlers)
[GIN-debug] GET    /uploads/*filepath        --> github.com/gin-gonic/gin.(*RouterGroup).createStaticHandler.func1 (3 handlers)
[GIN-debug] HEAD   /uploads/*filepath        --> github.com/gin-gonic/gin.(*RouterGroup).createStaticHandler.func1 (3 handlers)
[GIN-debug] [WARNING] You trusted all proxies, this is NOT safe. We recommend you to set a value.
Please check https://pkg.go.dev/github.com/gin-gonic/gin#readme-don-t-trust-all-proxies for details.
[GIN-debug] Listening and serving HTTP on :8081
2026/03/01 23:50:37 [scheduler] 下次企业微信订单日报推送时间（北京时间）：2026-03-02T05:00:00+08:00
2026/03/01 23:50:37 [settlement-scheduler] 下次每日结算提醒推送时间（北京时间）：2026-03-03T00:00:00+08:00
2026/03/01 23:50:37 [monthly-scheduler] 下次结算月报推送时间（北京时间）：2026-04-01T08:00:00+08:00
2026/03/01 23:50:37 [weekly-scheduler] 下次每周结算周报推送时间（北京时间）：2026-03-02T08:00:00+08:00
[GIN] 2026/03/01 - 23:50:38 | 200 |    9.457478ms |       127.0.0.1 | GET      "/api/countries"
[GIN] 2026/03/01 - 23:50:38 | 200 |    8.584676ms |       127.0.0.1 | GET      "/"
[GIN] 2026/03/01 - 23:51:09 | 401 |     184.657µs |       127.0.0.1 | GET      "/api/shops"
[GIN] 2026/03/01 - 23:51:22 | 200 |     974.377µs |       127.0.0.1 | GET      "/api/shops"
2026/03/02 04:00:00 [scheduler] 开始自动推送企业微信订单日报，日期：2026-03-01
2026/03/02 04:00:00 [scheduler] 自动推送企业微信订单日报成功，日期：2026-03-01
2026/03/02 04:00:00 [scheduler] 下次企业微信订单日报推送时间（北京时间）：2026-03-03T05:00:00+08:00
2026/03/02 07:00:00 [weekly-scheduler] 开始推送结算周报，日期范围：2026-02-23 ~ 2026-03-01
2026/03/02 07:00:31 [weekly-scheduler] 推送结算周报成功，日期范围：2026-02-23 ~ 2026-03-01
2026/03/02 07:00:31 [weekly-scheduler] 下次每周结算周报推送时间（北京时间）：2026-03-09T08:00:00+08:00
2026/03/02 23:00:00 [settlement-scheduler] 开始推送每日结算提醒，日期：2026-03-01
2026/03/02 23:00:00 [settlement-scheduler] 推送每日结算提醒成功，日期：2026-03-01
2026/03/02 23:00:00 [settlement-scheduler] 下次每日结算提醒推送时间（北京时间）：2026-03-04T00:00:00+08:00
2026/03/03 04:00:00 [scheduler] 开始自动推送企业微信订单日报，日期：2026-03-02
[mysql] 2026/03/03 04:00:00 packets.go:122: closing bad idle connection: unexpected read from socket
[mysql] 2026/03/03 04:00:00 connection.go:173: driver: bad connection
2026/03/03 04:00:00 [scheduler] 自动推送企业微信订单日报成功，日期：2026-03-02
2026/03/03 04:00:00 [scheduler] 下次企业微信订单日报推送时间（北京时间）：2026-03-04T05:00:00+08:00
2026/03/03 23:00:00 [settlement-scheduler] 开始推送每日结算提醒，日期：2026-03-02
2026/03/03 23:00:00 [settlement-scheduler] 推送每日结算提醒成功，日期：2026-03-02
2026/03/03 23:00:00 [settlement-scheduler] 下次每日结算提醒推送时间（北京时间）：2026-03-05T00:00:00+08:00
2026/03/04 04:00:00 [scheduler] 开始自动推送企业微信订单日报，日期：2026-03-03
[mysql] 2026/03/04 04:00:00 packets.go:122: closing bad idle connection: unexpected read from socket
[mysql] 2026/03/04 04:00:00 connection.go:173: driver: bad connection
2026/03/04 04:00:00 [scheduler] 自动推送企业微信订单日报成功，日期：2026-03-03
2026/03/04 04:00:00 [scheduler] 下次企业微信订单日报推送时间（北京时间）：2026-03-05T05:00:00+08:00
